// Jest Snapshot v1, https://goo.gl/fbAQLP

exports[`SearchField works 1`] = `
<div>
  <input
    class="search-field"
    name="s"
    placeholder="Search..."
    type="search"
    value=""
  />
</div>
`;
